WARNING: A restricted method in java.lang.System has been called
WARNING: java.lang.System::load has been called by net.rubygrapefruit.platform.internal.NativeLibraryLoader in an unnamed module (file:/Users/satya/.gradle/wrapper/dists/gradle-9.2.0-bin/11i5gvueggl8a5cioxuftxrik/gradle-9.2.0/lib/native-platform-0.22-milestone-29.jar)
WARNING: Use --enable-native-access=ALL-UNNAMED to avoid a warning for callers in this module
WARNING: Restricted methods will be blocked in a future release unless native access is enabled

Starting a Gradle Daemon, 3 busy Daemons could not be reused, use --status for details
> Task :verifyJulcToolchain
> Task :compileJava UP-TO-DATE
> Task :processResources NO-SOURCE
> Task :classes UP-TO-DATE
> Task :javadoc
> Task :jar UP-TO-DATE
> Task :compileTestJava UP-TO-DATE
> Task :processTestResources UP-TO-DATE
> Task :testClasses UP-TO-DATE
> Task :test
> Task :toolchainAcceptance
> Task :verifyProtocolBaseline
> Task :check
> Task :demo:backend:compileJava UP-TO-DATE
> Task :demo:backend:processResources NO-SOURCE
> Task :demo:backend:classes UP-TO-DATE
> Task :demo:backend:javadoc
> Task :demo:backend:compileTestJava UP-TO-DATE
> Task :demo:backend:processTestResources NO-SOURCE
> Task :demo:backend:testClasses UP-TO-DATE
> Task :demo:backend:test
> Task :demo:backend:check

BUILD SUCCESSFUL in 14s
13 actionable tasks: 7 executed, 6 up-to-date
Consider enabling configuration cache to speed up this build: https://docs.gradle.org/9.2.0/userguide/configuration_cache_enabling.html
