WARNING: A restricted method in java.lang.System has been called
WARNING: java.lang.System::load has been called by net.rubygrapefruit.platform.internal.NativeLibraryLoader in an unnamed module (file:/Users/satya/.gradle/wrapper/dists/gradle-9.2.0-bin/11i5gvueggl8a5cioxuftxrik/gradle-9.2.0/lib/native-platform-0.22-milestone-29.jar)
WARNING: Use --enable-native-access=ALL-UNNAMED to avoid a warning for callers in this module
WARNING: Restricted methods will be blocked in a future release unless native access is enabled

To honour the JVM settings for this build a single-use Daemon process will be forked. For more on this, please refer to https://docs.gradle.org/9.2.0/userguide/gradle_daemon.html#sec:disabling_the_daemon in the Gradle documentation.
Daemon will be stopped at the end of the build 

> Task :demoWebBuild

> @kavach/demo-web@0.0.1 build
> tsc -b && vite build

vite v7.3.6 building client environment for production...
transforming...
✓ 1719 modules transformed.
rendering chunks...
computing gzip size...
dist/index.html                   0.55 kB │ gzip:   0.33 kB
dist/assets/index-BWPOHCah.css   20.27 kB │ gzip:   5.12 kB
dist/assets/index-CDyiWBrq.js   256.63 kB │ gzip:  81.74 kB
dist/assets/wallet-yreP2Uqq.js  388.46 kB │ gzip: 138.35 kB
✓ built in 1.21s

> Task :verifyJulcToolchain
> Task :compileJava UP-TO-DATE
> Task :processResources NO-SOURCE
> Task :classes UP-TO-DATE
> Task :jar UP-TO-DATE
> Task :demo:backend:compileJava UP-TO-DATE
> Task :demo:backend:processResources NO-SOURCE
> Task :demo:backend:classes UP-TO-DATE
> Task :demo:backend:javadoc UP-TO-DATE
> Task :demo:backend:compileTestJava UP-TO-DATE
> Task :demo:backend:processTestResources NO-SOURCE
> Task :demo:backend:testClasses UP-TO-DATE
> Task :demo:backend:test
> Task :demo:backend:check

BUILD SUCCESSFUL in 7s
8 actionable tasks: 3 executed, 5 up-to-date
Consider enabling configuration cache to speed up this build: https://docs.gradle.org/9.2.0/userguide/configuration_cache_enabling.html
